---
source: src/bottom_pane/chat_composer.rs
expression: "rows(&empty, 100, 14)"
---
                                                                                                    
› Ask Atlas to do anything                                                                          
                                                                                                    
                                                                                                    
                                                                                                    
                                                                                                    
                                                                                                    
                                                                                                    
                                                                                                    
                                                                                                    
                                                                                                    
                                                                                                    
                                                                                                    
  ? shortcuts                                                                              100% left
