---
source: src/bottom_pane/chat_composer.rs
assertion_line: 285
expression: "rows(&empty, 100, 14)"
---
                                                                                                    
› Ask Atlas to do anything                                                                          
                                                                                                    
                                                                                                    
                                                                                                    
                                                                                                    
                                                                                                    
                                                                                                    
                                                                                                    
                                                                                                    
                                                                                                    
                                                                                                    
                                                                                                    
  ? for shortcuts                                                                 0/256k (100% left)
