---
source: src/bottom_pane/chat_composer.rs
assertion_line: 297
expression: "rows(&draft, 100, 14)"
---
                                                                                                    
› short                                                                                             
                                                                                                    
                                                                                                    
                                                                                                    
                                                                                                    
                                                                                                    
                                                                                                    
                                                                                                    
                                                                                                    
                                                                                                    
                                                                                                    
                                                                                                    
                                                                                  0/256k (100% left)
