---
source: src/bottom_pane/chat_composer.rs
expression: output
---
                                                  
                                                  
  › Ask Atlas to do anything                      
                                                  
                                                  
  …/Atlas · ? shortcuts     2.6k/256k · 98% left
