---
source: src/composer.rs
expression: "rows(&draft, 100, 14)"
---
                                                                                                    
› short                                                                                             
                                                                                                    
                                                                                                    
                                                                                                    
                                                                                                    
                                                                                                    
                                                                                                    
                                                                                                    
                                                                                                    
                                                                                                    
                                                                                                    
                                                                                                    
                                                                                   100% context left
