┌ Chat ────────────────────────────────────────────────────────────────────────────────────────────────────────────────┐
│                              ┌ Shortcuts ─────────────────────────────────────────────┐│
│                              │Ctrl+P Open shortcuts                                   ││
│                              │Esc     Close overlay                                   ││
│                              │Enter   Send message                                    ││
│                              │Shift+Enter Insert newline                              ││
│                              │Up/Down  Move cursor                                    ││
│                              │PageUp/Down Scroll transcript                           ││
│                              │Ctrl+Home/End Jump transcript                           ││
│                              │Ctrl+C    Quit                                          ││
│                              │                                                        ││
│                              │                                                        ││
│                              │                                                        ││
│                              └────────────────────────────────────────────────────────┘│
└──────────────────────────────────────────────────────────────────────────────────────────────────────────────────────┘
┌ Message ─────────────────────────────────────────────────────────────────────────────────────────────────────────────┐
│› Ask Atlas to do anything│
└──────────────────────────────────────────────────────────────────────────────────────────────────────────────────────┘
─ Ctrl+P shortcuts
