┌ Chat ────────────────────────────────────────────────────────────────────────┐
│• Running node --version│
│  └ aguardando...│
└──────────────────────────────────────────────────────────────────────────────┘
┌ Message ─────────────────────────────────────────────────────────────────────┐
│› Ask Atlas to do anything│
└──────────────────────────────────────────────────────────────────────────────┘
• Working process.exec  Ctrl+P shortcuts                       6.6K / 256K (2%)
