┌ Chat ────────────────────────────────────────────────────────────────────────┐
│• Ran node --version · 8ms│
│  └ stdout line one│
│    stdout line two│
│    stdout line three│
│    stdout line four│
│    stderr warning one│
│    stderr warning two│
└──────────────────────────────────────────────────────────────────────────────┘
┌ Message ─────────────────────────────────────────────────────────────────────┐
│› Ask Atlas to do anything│
└──────────────────────────────────────────────────────────────────────────────┘
• Working  Ctrl+P shortcuts                                    6.6K / 256K (2%)
