---
source: src/chatwidget/rendering.rs
expression: "screen_rows(&mut app, 80, 16).join(\"\\n\")"
---
                                                                                
  › long task                                                                   
                                                                                
                                                                                
  partial result                                                                
                                                                                
  Cancelled                                                                     
                                                                                
                                                                                
                                                                                
                                                                                
    › Ask Atlas to do anything                                                  
                                                                                
                                                                                
    ~/projetos/Atlas · ? shortcuts
