---
source: src/chatwidget/rendering.rs
expression: "screen_rows(&mut app, 80, 24).join(\"\\n\")"
---
                                                                                
  › question                                                                    
                                                                                
                                                                                
  ✓ Read README.md · 0ms                                                        
    └ README.md · 42 lines                                                      
                                                                                
  ✓ Patched src/main.rs · 0ms                                                   
      1     │ -old                                                              
          1 │ +new                                                              
                                                                                
  answer                                                                        
                                                                                
                                                                                
                                                                                
                                                                                
                                                                                
                                                                                
                                                                                
    › Ask Atlas to do anything                                                  
                                                                                
                                                                                
    ~/projetos/Atlas · ? shortcuts
