---
source: src/chatwidget/rendering.rs
expression: "screen_rows(&mut app, 80, 12).join(\"\\n\")"
---
   █████╗ ████████╗██╗      █████╗ ███████╗                                     
  ██╔══██╗╚══██╔══╝██║     ██╔══██╗██╔════╝                                     
  ███████║   ██║   ██║     ███████║███████╗                                     
  ██╔══██║   ██║   ██║     ██╔══██║╚════██║                                     
  ██║  ██║   ██║   ███████╗██║  ██║███████║                                     
  ╚═╝  ╚═╝   ╚═╝   ╚══════╝╚═╝  ╚═╝╚══════╝                                     
                                                                                
                                                                                
  › Ask Atlas to do anything                                                    
                                                                                
                                                                                
  ? shortcuts
