---
source: src/chatwidget/rendering.rs
expression: "screen_rows(&mut app, 80, 16).join(\"\\n\")"
---
                                                                                
  › long task                                                                   
                                                                                
                                                                                
  Thinking · 0.0s                                                               
                                                                                
  partial result                                                                
                                                                                
  Cancelled                                                                     
                                                                                
                                                                                
                                                                                
                                                                                
  │                                                                             
  │ › Ask Atlas to do anything                                         Atlas    
  │ ~/projetos/Atlas · ? shortcuts
